IDENTICAL
BEAUTIFUL
IMPORTANT
CHRISTIAN
MASCULINE
DANGEROUS
IRREGULAR
MACARONIC
ADJECTIVE
UNDEFINED
AMERINDIC
CONGRUENT
VEGETABLE
INVISIBLE
DIFFERENT
BREATHING
WORTHLESS
IMPERFECT
ABDUCTING
DIFFICULT
NECESSARY
AMPHIBIAN
DIVERGENT
ANONYMOUS
DEDICATED
BALLISTIC
ADVANCING
FRIVOLOUS
POWERLESS
AFRIKAANS
CONTINENT
AMBITIOUS
CONSCIOUS
AUTOMATIC
HOLLYWOOD
EVERGREEN
RIGHTEOUS
DECIDUOUS
COMMITTED
ESSENTIAL
RENEWABLE
ALCOHOLIC
POTENTIAL
CERTIFIED
EXPLOSIVE
AVAILABLE
PROACTIVE
EMOTIONAL
CAUCASIAN
COMMUNIST
CORPORATE
MARSUPIAL
DOMINICAN
PERMANENT
SPARKLING
APPEALING
IMPATIENT
ABDOMINAL
AMBIGUOUS
CONNECTED
SARCASTIC
PATRIOTIC
PALATABLE
ILLEGIBLE
POINTLESS
DESIRABLE
CUNEIFORM
ORGANIZED
ADDICTIVE
ENDOCRINE
COMPETENT
CHEERLESS
BYZANTINE
NOCTURNAL
COLOURFUL
EXCLUSIVE
AGREEABLE
CATHEDRAL
PRACTICAL
ALTERNATE
FINANCIAL
ADAPTABLE
STREAMING
OPERATING
HONORABLE
ABSORBENT
EXPENSIVE
SYNTHETIC
INSPIRING
TECHNICAL
OFFENSIVE
WORSENING
BREAKABLE
REVOKABLE
BRAZILIAN
BARBADIAN
AVOIDABLE
MOTIVATED
RELIGIOUS
COLOMBIAN
AVUNCULAR
ACTUARIAL
AFRIKANER
ANTARCTIC
ARBITRARY
TOOTHLESS
LITIGIOUS
DEVELOPED
DEPENDENT
QUADRATIC
SECONDARY
FORTUNATE
CAPILLARY
SPINELESS
THANKLESS
MALAYSIAN
HEARTLESS
TRACEABLE
ECCENTRIC
HIJACKING
MERCILESS
AWESTRUCK
PNEUMATIC
ETHIOPIAN
DALMATIAN
ADVISABLE
CHROMATIC
VANISHING
DRACONIAN
IMMUTABLE
EXPEDIENT
NORWEGIAN
APPELLATE
CONTESTED
TEMPERATE
SUBARCTIC
INDULGENT
INNOCUOUS
LIMITLESS
DEFENSIVE
DIGESTIVE
IMMEDIATE
DIVISIBLE
MELODIOUS
NEGLIGENT
BICAMERAL
COLORLESS
MOLECULAR
BETTERING
EXECUTIVE
CELESTIAL
AESTHETIC
FORCELESS
MINUSCULE
POLITICAL
LACTATING
AUTOSOMAL
FICTIONAL
GYMNASTIC
SCHOLARLY
TASMANIAN
BULGARIAN
ADOPTABLE
NEOLITHIC
EXHAUSTED
APHANITIC
CANTERING
AVERTIBLE
COURTEOUS
ACAPNOTIC
EQUIVOCAL
FORGIVING
ARTICULAR
TEMPORARY
AXIOMATIC
PITUITARY
BINOCULAR
TASTELESS
CONCEALED
EXTRUSIVE
GALLOPING
VOICELESS
TRACTABLE
ANAPHORIC
PULMONARY
CIRCADIAN
ILLOGICAL
IDIOMATIC
CATATONIC
LETHARGIC
CONFIDENT
OBJECTIVE
ADVERBIAL
UNWILLING
INANIMATE
EXCITABLE
VOLUNTARY
SOCIALIST
COMPOSITE
DISHONEST
GERIATRIC
COGNIZANT
BERRYLIKE
GRADUATED
CANCELLED
REVEALING
HYPOTONIC
DEDUCTIVE
UNNOTICED
GREGORIAN
CREDULOUS
EFFICIENT
ATTENTIVE
REALISTIC
QUADRUPED
ADDUCTING
SILICEOUS
FREELANCE
ENCHANTED
INSOLUBLE
REWARDING
MALIGNANT
MAURITIAN
DOWNSTAGE
BLOODLESS
INFLECTED
SENSITIVE
INHABITED
ARTHURIAN
APPOINTED
ADIABATIC
EXCRETORY
COMPLIANT
TRAUMATIC
CATHECTIC
DISABLING
TRANSIENT
NIGHTTIME
ASSERTIVE
SUGARLESS
CENTENARY
MANCUNIAN
ADENOIDAL
FOLLOWING
CANONICAL
ANHYDROUS
GUILTLESS
BROADBAND
CORPOREAL
ADDRESSED
SUBMERGED
INAUDIBLE
CONGOLESE
DELINEATE
ALIENABLE
TOLERABLE
AUCTORIAL
UNRELATED
CALVINIST
CINEMATIC
SMOKELESS
BURLESQUE
DIAMETRIC
ANIMISTIC
CONFIRMED
ADSORBING
PERMEABLE
ACROGENIC
PAINTABLE
OPPORTUNE
CLOCKWISE
ERGONOMIC
UNLOADING
COLLECTED
UNCERTAIN
ARGENTINE
INSATIATE
PRINTABLE
CONNUBIAL
DIALECTIC
ZYGOMATIC
OCCIPITAL
SCHEDULED
THINKABLE
ACCENTUAL
CARINATED
NONLIVING
BENIGNANT
INCAPABLE
OPPOSABLE
CLASSICAL
UNCHANGED
BASILICAN
REVOCABLE
UNHEALTHY
MONEYLESS
INSOLVENT
EPILEPTIC
ASYNDETIC
ANTENATAL
MALICIOUS
CONFUCIAN
PERENNIAL
UNWRITTEN
CHANCROUS
MONGOLOID
AURICULAR
MONGOLIAN
BOTANICAL
BACTERIAL
DYSTOPIAN
AMBROSIAN
CUTANEOUS
INORGANIC
UNTOUCHED
COLUMBIAN
NONNATIVE
JORDANIAN
UNPLANNED
CALICULAR
AVERTABLE
AGONISTIC
FALCONINE
ELECTORAL
ANACLINAL
ANCESTRAL
SPLINTERY
DIGNIFIED
CASTRATED
UNWELCOME
ANTIPODAL
ANGELICAL
ALUMINOUS
STOPPABLE
ANICTERIC
MAMMALIAN
PRECEDING
WHOLESOME
AIRWORTHY
UNINVITED
FORMATIVE
TANZANIAN
STINGLESS
DECORATED
FRATERNAL
SUPPORTED
APOSTOLIC
STATUTORY
RETICULAR
ACCORDANT
AVIRULENT
INTRINSIC
NONMOVING
UNSETTLED
DAMASCENE
ANTIMONIC
CRYOGENIC
SANITISED
INCURABLE
ALTRICIAL
EXPLOITED
BEACHLIKE
BRONCHIAL
UNWITTING
INTENSIVE
WORRISOME
ESTIMABLE
FIDUCIARY
PROUSTIAN
ENERGETIC
ACRONYMIC
COGNISANT
DIONYSIAN
CARTESIAN
CATALYTIC
EXCUSABLE
ADSORBENT
UNTRIMMED
DEMANDING
SYNCRETIC
GRAPHICAL
IMPARTIAL
ALBINOTIC
ANKYLOTIC
OVIPAROUS
UNVARYING
DOCTRINAL
IODINATED
HOMILETIC
ANTIGENIC
TRACKABLE
COLLEGIAL
ALTERABLE
ADDUCTIVE
ARGENTOUS
BACILLARY
UMBELLATE
INCLEMENT
ADSORBATE
ATHEISTIC
EPIPHYTIC
LOWERCASE
BIVARIATE
KIDNAPPED
PLAUSIBLE
SHUTTERED
NUMERICAL
MORACEOUS
AZIMUTHAL
EUTHERIAN
NEWTONIAN
ACNEIFORM
CAMBODIAN
UNSALABLE
UKRAINIAN
PURIFYING
ANOSMATIC
DUALISTIC
METABOLIC
PROXIMATE
OWNERLESS
EPIDERMAL
BIBLIOTIC
OFFENDING
IRRITATED
SCENTLESS
SUBJACENT
PREMATURE
MERCURIAL
CACHECTIC
ABACTINAL
BUTEONINE
PUNISHING
BASIPETAL
ATOMISTIC
INGENUOUS
PECUNIARY
PARASITIC
UNSELFISH
VESICULAR
ALGONQUIN
POSTERIOR
AMPULLARY
IMPRECISE
ANALOGOUS
UNWRAPPED
DESTROYED
LOCOMOTOR
REPARABLE
PIAGETIAN
COLLOIDAL
BUDGETARY
CALENDRIC
ARBOREOUS
HERITABLE
OLFACTORY
PERIGONAL
OCTAGONAL
HEURISTIC
FEATHERED
RECESSIVE
FORGETFUL
ACICULATE
BARRELLED
PUBLISHED
ESTUARIAL
HYDRAULIC
ANTENNARY
EDWARDIAN
EXPRESSED
QUALIFIED
PRAGMATIC
MOUTHLESS
CAESARIAN
FUNICULAR
HUMORLESS
NEURALGIC
ENDOGENIC
AUTARCHIC
UNDERHAND
ARACHNOID
APPELLANT
REFLECTED
APOPHATIC
CHARTERED
BRITANNIC
HUNGARIAN
ELEMENTAL
DISSONANT
PNEUMONIC
MUSCOVITE
MENDELIAN
CONTINUED
SOPHISTIC
PATRICIAN
CACOGENIC
IMPRUDENT
MALADROIT
BOLSHEVIK
ANECDOTAL
