Case #1: no
Case #2: no
Case #3: no
Case #4: no
Case #5: no
Case #6: no
Case #7: no
Case #8: no
Case #9: no
Case #10: no
Case #11: no
Case #12: no
Case #13: no
Case #14: no
Case #15: no
Case #16: no
Case #17: no
Case #18: no
Case #19: no
Case #20: no
Case #21: no
Case #22: no
Case #23: no
Case #24: no
Case #25: no
Case #26: no
Case #27: no
Case #28: no
Case #29: no
Case #30: no
Case #31: no
Case #32: no
Case #33: no
Case #34: no
Case #35: no
Case #36: no
Case #37: no
Case #38: no
Case #39: no
Case #40: no
Case #41: no
Case #42: no
Case #43: no
Case #44: no
Case #45: no
Case #46: no
Case #47: no
Case #48: no
Case #49: no
Case #50: no
Case #51: no
Case #52: no
Case #53: no
Case #54: no
Case #55: no
Case #56: no
Case #57: no
Case #58: no
Case #59: no
Case #60: no
Case #61: no
Case #62: no
Case #63: no
Case #64: no
Case #65: no
Case #66: no
Case #67: no
Case #68: no
Case #69: no
Case #70: no
Case #71: no
Case #72: no
Case #73: no
Case #74: no
Case #75: no
Case #76: no
Case #77: no
Case #78: no
Case #79: no
Case #80: no
Case #81: no
Case #82: no
Case #83: no
Case #84: no
Case #85: no
Case #86: no
Case #87: no
Case #88: no
Case #89: no
Case #90: no
Case #91: no
Case #92: no
Case #93: no
Case #94: no
Case #95: no
Case #96: no
Case #97: no
Case #98: no
Case #99: no
Case #100: no
Case #101: no
Case #102: no
Case #103: no
Case #104: no
Case #105: no
Case #106: no
Case #107: no
Case #108: no
Case #109: no
Case #110: no
Case #111: no
Case #112: no
Case #113: no
Case #114: no
Case #115: no
Case #116: no
Case #117: no
Case #118: no
Case #119: no
Case #120: no
Case #121: no
Case #122: no
Case #123: no
Case #124: no
Case #125: no
Case #126: no
Case #127: no
Case #128: no
Case #129: no
Case #130: no
Case #131: no
Case #132: no
Case #133: no
Case #134: no
Case #135: no
Case #136: no
Case #137: no
Case #138: no
Case #139: no
Case #140: no
Case #141: no
Case #142: no
Case #143: no
Case #144: no
Case #145: no
Case #146: no
Case #147: no
Case #148: no
Case #149: no
Case #150: no
Case #151: no
Case #152: no
Case #153: no
Case #154: no
Case #155: no
Case #156: no
Case #157: no
Case #158: no
Case #159: no
Case #160: no
Case #161: no
Case #162: no
Case #163: no
Case #164: no
Case #165: no
Case #166: no
Case #167: no
Case #168: no
Case #169: no
Case #170: no
Case #171: no
Case #172: no
Case #173: no
Case #174: no
Case #175: no
Case #176: no
Case #177: no
Case #178: no
Case #179: no
Case #180: no
Case #181: no
Case #182: no
Case #183: no
Case #184: no
Case #185: no
Case #186: no
Case #187: no
Case #188: no
Case #189: no
Case #190: no
Case #191: no
Case #192: no
Case #193: no
Case #194: no
Case #195: no
Case #196: no
Case #197: no
Case #198: no
Case #199: no
Case #200: no
Case #201: no
Case #202: no
Case #203: no
Case #204: no
Case #205: no
Case #206: no
Case #207: no
Case #208: no
Case #209: no
Case #210: no
Case #211: no
Case #212: no
Case #213: no
Case #214: no
Case #215: no
Case #216: no
Case #217: no
Case #218: no
Case #219: no
Case #220: no
Case #221: no
Case #222: no
Case #223: no
Case #224: no
Case #225: no
Case #226: no
Case #227: no
Case #228: no
Case #229: no
Case #230: no
Case #231: no
Case #232: no
Case #233: no
Case #234: no
Case #235: no
Case #236: no
Case #237: no
Case #238: no
Case #239: no
Case #240: no
Case #241: no
Case #242: no
Case #243: no
Case #244: no
Case #245: no
Case #246: no
Case #247: no
Case #248: no
Case #249: no
Case #250: no
Case #251: no
Case #252: no
Case #253: no
Case #254: no
Case #255: no
Case #256: no
Case #257: no
Case #258: no
Case #259: no
Case #260: no
Case #261: no
Case #262: no
Case #263: no
Case #264: no
Case #265: no
Case #266: no
Case #267: no
Case #268: no
Case #269: no
Case #270: no
Case #271: no
Case #272: no
Case #273: no
Case #274: no
Case #275: no
Case #276: no
Case #277: no
Case #278: no
Case #279: no
Case #280: no
Case #281: no
Case #282: no
Case #283: no
Case #284: no
Case #285: no
Case #286: no
Case #287: no
Case #288: no
Case #289: no
Case #290: no
Case #291: no
Case #292: no
Case #293: no
Case #294: no
Case #295: no
Case #296: no
Case #297: no
Case #298: no
Case #299: no
Case #300: no
Case #301: no
Case #302: no
Case #303: no
Case #304: no
Case #305: no
Case #306: no
Case #307: no
Case #308: no
Case #309: no
Case #310: no
Case #311: no
Case #312: no
Case #313: no
Case #314: no
Case #315: no
Case #316: no
Case #317: no
Case #318: no
Case #319: no
Case #320: no
Case #321: no
Case #322: no
Case #323: no
Case #324: no
Case #325: no
Case #326: no
Case #327: no
Case #328: no
Case #329: no
Case #330: no
Case #331: no
Case #332: no
Case #333: no
Case #334: no
Case #335: no
Case #336: no
Case #337: no
Case #338: no
Case #339: no
Case #340: no
Case #341: no
Case #342: no
Case #343: no
Case #344: no
Case #345: no
Case #346: no
Case #347: no
Case #348: no
Case #349: no
Case #350: no
Case #351: no
Case #352: no
Case #353: no
Case #354: no
Case #355: no
Case #356: no
Case #357: no
Case #358: no
Case #359: no
Case #360: no
Case #361: no
Case #362: no
Case #363: no
Case #364: no
Case #365: no
Case #366: no
Case #367: no
Case #368: no
Case #369: no
Case #370: no
Case #371: no
Case #372: no
Case #373: no
Case #374: no
Case #375: no
Case #376: no
Case #377: no
Case #378: no
Case #379: no
Case #380: no
Case #381: no
Case #382: no
Case #383: no
Case #384: no
Case #385: no
Case #386: no
Case #387: no
Case #388: no
Case #389: no
Case #390: no
Case #391: no
Case #392: no
Case #393: no
Case #394: no
Case #395: no
Case #396: no
Case #397: no
Case #398: no
Case #399: no
Case #400: no
Case #401: no
Case #402: no
Case #403: no
Case #404: no
Case #405: no
Case #406: no
Case #407: no
Case #408: no
Case #409: no
Case #410: no
Case #411: no
Case #412: no
Case #413: no
Case #414: no
Case #415: no
Case #416: no
Case #417: no
Case #418: no
Case #419: no
Case #420: no
Case #421: no
Case #422: no
Case #423: no
Case #424: no
Case #425: no
Case #426: no
Case #427: no
Case #428: no
Case #429: no
Case #430: no
Case #431: no
Case #432: no
Case #433: no
Case #434: no
Case #435: no
Case #436: no
Case #437: no
Case #438: no
Case #439: no
Case #440: no
Case #441: no
Case #442: no
Case #443: no
Case #444: no
Case #445: no
Case #446: no
Case #447: no
Case #448: no
Case #449: no
Case #450: no
Case #451: no
Case #452: no
Case #453: no
Case #454: no
Case #455: no
Case #456: no
Case #457: no
Case #458: no
Case #459: no
Case #460: no
Case #461: no
Case #462: no
Case #463: no
Case #464: no
Case #465: no
Case #466: no
Case #467: no
Case #468: no
Case #469: no
Case #470: no
Case #471: no
Case #472: no
Case #473: no
Case #474: no
Case #475: no
Case #476: no
Case #477: no
Case #478: no
Case #479: no
Case #480: no
Case #481: no
Case #482: no
Case #483: no
Case #484: no
Case #485: no
Case #486: no
Case #487: no
Case #488: no
Case #489: no
Case #490: no
Case #491: no
Case #492: no
Case #493: no
Case #494: no
Case #495: no
Case #496: no
Case #497: no
Case #498: no
Case #499: no
Case #500: no
Case #501: no
Case #502: no
Case #503: no
Case #504: no
Case #505: no
Case #506: no
Case #507: no
Case #508: no
Case #509: no
Case #510: no
Case #511: no
Case #512: no
Case #513: no
Case #514: no
Case #515: no
Case #516: no
Case #517: no
Case #518: no
Case #519: no
Case #520: no
Case #521: no
Case #522: no
Case #523: no
Case #524: no
Case #525: no
Case #526: no
Case #527: no
Case #528: no
Case #529: no
Case #530: no
Case #531: no
Case #532: no
Case #533: no
Case #534: no
Case #535: no
Case #536: no
Case #537: no
Case #538: no
Case #539: no
Case #540: no
Case #541: no
Case #542: no
Case #543: no
Case #544: no
Case #545: no
Case #546: no
Case #547: no
Case #548: no
Case #549: no
Case #550: no
Case #551: no
Case #552: no
Case #553: no
Case #554: no
Case #555: no
Case #556: no
Case #557: no
Case #558: no
Case #559: no
Case #560: no
Case #561: no
Case #562: no
Case #563: no
Case #564: no
Case #565: no
Case #566: no
Case #567: no
Case #568: no
Case #569: no
Case #570: no
Case #571: no
Case #572: no
Case #573: no
Case #574: no
Case #575: no
Case #576: no
Case #577: no
Case #578: no
Case #579: no
Case #580: no
Case #581: no
Case #582: no
Case #583: no
Case #584: no
Case #585: no
Case #586: no
Case #587: no
Case #588: no
Case #589: no
Case #590: no
Case #591: no
Case #592: no
Case #593: no
Case #594: no
Case #595: no
Case #596: no
Case #597: no
Case #598: no
Case #599: no
Case #600: no
Case #601: no
Case #602: no
Case #603: no
Case #604: no
Case #605: no
Case #606: no
Case #607: no
Case #608: no
Case #609: no
Case #610: no
Case #611: no
Case #612: no
Case #613: no
Case #614: no
Case #615: no
Case #616: no
Case #617: no
Case #618: no
Case #619: no
Case #620: no
Case #621: no
Case #622: no
Case #623: no
Case #624: no
Case #625: no
Case #626: no
Case #627: no
Case #628: no
Case #629: no
Case #630: no
Case #631: no
Case #632: no
Case #633: no
Case #634: no
Case #635: no
Case #636: no
Case #637: no
Case #638: no
Case #639: no
Case #640: no
Case #641: no
Case #642: no
Case #643: no
Case #644: no
Case #645: no
Case #646: no
Case #647: no
Case #648: no
Case #649: no
Case #650: no
Case #651: no
Case #652: no
Case #653: no
Case #654: no
Case #655: no
Case #656: no
Case #657: no
Case #658: no
Case #659: no
Case #660: no
Case #661: no
Case #662: no
Case #663: no
Case #664: no
Case #665: no
Case #666: no
Case #667: no
Case #668: no
Case #669: no
Case #670: no
Case #671: no
Case #672: no
Case #673: no
Case #674: no
Case #675: no
Case #676: no
Case #677: no
Case #678: no
Case #679: no
Case #680: no
Case #681: no
Case #682: no
Case #683: no
Case #684: no
Case #685: no
Case #686: no
Case #687: no
Case #688: no
Case #689: no
Case #690: no
Case #691: no
Case #692: no
Case #693: no
Case #694: no
Case #695: no
Case #696: no
Case #697: no
Case #698: no
Case #699: no
Case #700: no
Case #701: no
Case #702: no
Case #703: no
Case #704: no
Case #705: no
Case #706: no
Case #707: no
Case #708: no
Case #709: no
Case #710: no
Case #711: no
Case #712: no
Case #713: no
Case #714: no
Case #715: no
Case #716: no
Case #717: no
Case #718: no
Case #719: no
Case #720: no
Case #721: no
Case #722: no
Case #723: no
Case #724: no
Case #725: no
Case #726: no
Case #727: no
Case #728: no
Case #729: no
Case #730: no
Case #731: no
Case #732: no
Case #733: no
Case #734: no
Case #735: no
Case #736: no
Case #737: no
Case #738: no
Case #739: no
Case #740: no
Case #741: no
Case #742: no
Case #743: no
Case #744: no
Case #745: no
Case #746: no
Case #747: no
Case #748: no
Case #749: no
Case #750: no
Case #751: no
Case #752: no
Case #753: no
Case #754: no
Case #755: no
Case #756: no
Case #757: no
Case #758: no
Case #759: no
Case #760: no
Case #761: no
Case #762: no
Case #763: no
Case #764: no
Case #765: no
Case #766: no
Case #767: no
Case #768: no
Case #769: no
Case #770: no
Case #771: no
Case #772: no
Case #773: no
Case #774: no
Case #775: no
Case #776: no
Case #777: no
Case #778: no
Case #779: no
Case #780: no
Case #781: no
Case #782: no
Case #783: no
Case #784: no
Case #785: no
Case #786: no
Case #787: no
Case #788: no
Case #789: no
Case #790: no
Case #791: no
Case #792: no
Case #793: no
Case #794: no
Case #795: no
Case #796: no
Case #797: no
Case #798: no
Case #799: no
Case #800: no
Case #801: no
Case #802: no
Case #803: no
Case #804: no
Case #805: no
Case #806: no
Case #807: no
Case #808: no
Case #809: no
Case #810: no
Case #811: no
Case #812: no
Case #813: no
Case #814: no
Case #815: no
Case #816: no
Case #817: no
Case #818: no
Case #819: no
Case #820: no
Case #821: no
Case #822: no
Case #823: no
Case #824: no
Case #825: no
Case #826: no
Case #827: no
Case #828: no
Case #829: no
Case #830: no
Case #831: no
Case #832: no
Case #833: no
Case #834: no
Case #835: no
Case #836: no
Case #837: no
Case #838: no
Case #839: no
Case #840: no
Case #841: no
Case #842: no
Case #843: no
Case #844: no
Case #845: no
Case #846: no
Case #847: no
Case #848: no
Case #849: no
Case #850: no
Case #851: no
Case #852: no
Case #853: no
Case #854: no
Case #855: no
Case #856: no
Case #857: no
Case #858: no
Case #859: no
Case #860: no
Case #861: no
Case #862: no
Case #863: no
Case #864: no
Case #865: no
Case #866: no
Case #867: no
Case #868: no
Case #869: no
Case #870: no
Case #871: no
Case #872: no
Case #873: no
Case #874: no
Case #875: no
Case #876: no
Case #877: no
Case #878: no
Case #879: no
Case #880: no
Case #881: no
Case #882: no
Case #883: no
Case #884: no
Case #885: no
Case #886: no
Case #887: no
Case #888: no
Case #889: no
Case #890: no
Case #891: no
Case #892: no
Case #893: no
Case #894: no
Case #895: no
Case #896: no
Case #897: no
Case #898: no
Case #899: no
Case #900: no
Case #901: no
Case #902: no
Case #903: no
Case #904: no
Case #905: no
Case #906: no
Case #907: no
Case #908: no
Case #909: no
Case #910: no
Case #911: no
Case #912: no
Case #913: no
Case #914: no
Case #915: no
Case #916: no
Case #917: no
Case #918: no
Case #919: no
Case #920: no
Case #921: no
Case #922: no
Case #923: no
Case #924: no
Case #925: no
Case #926: no
Case #927: no
Case #928: no
Case #929: no
Case #930: no
Case #931: no
Case #932: no
Case #933: no
Case #934: no
Case #935: no
Case #936: no
Case #937: no
Case #938: no
Case #939: no
Case #940: no
Case #941: no
Case #942: no
Case #943: no
Case #944: no
Case #945: no
Case #946: no
Case #947: no
Case #948: no
Case #949: no
Case #950: no
Case #951: no
Case #952: no
Case #953: no
Case #954: no
Case #955: no
Case #956: no
Case #957: no
Case #958: no
Case #959: no
Case #960: no
Case #961: no
Case #962: no
Case #963: no
Case #964: no
Case #965: no
Case #966: no
Case #967: no
Case #968: no
Case #969: no
Case #970: no
Case #971: no
Case #972: no
Case #973: no
Case #974: no
Case #975: no
Case #976: no
Case #977: no
Case #978: no
Case #979: no
Case #980: no
Case #981: no
Case #982: no
Case #983: no
Case #984: no
Case #985: no
Case #986: no
Case #987: no
Case #988: no
Case #989: no
Case #990: no
Case #991: no
Case #992: no
Case #993: no
Case #994: no
Case #995: no
Case #996: no
Case #997: no
Case #998: no
Case #999: no
Case #1000: no
Case #1001: no
Case #1002: yes
Case #1003: yes
Case #1004: yes
Case #1005: no
Case #1006: yes
Case #1007: yes
Case #1008: yes
Case #1009: no
Case #1010: yes
Case #1011: yes
Case #1012: yes
Case #1013: yes
Case #1014: yes
Case #1015: yes
Case #1016: yes
Case #1017: yes
Case #1018: no
Case #1019: yes
Case #1020: yes
Case #1021: no
Case #1022: yes
Case #1023: no
Case #1024: yes
Case #1025: yes
Case #1026: yes
Case #1027: no
Case #1028: yes
Case #1029: yes
Case #1030: yes
Case #1031: yes
Case #1032: yes
Case #1033: no
Case #1034: no
Case #1035: no
Case #1036: yes
Case #1037: yes
Case #1038: no
Case #1039: no
Case #1040: no
Case #1041: yes
Case #1042: yes
Case #1043: yes
Case #1044: no
Case #1045: no
Case #1046: no
Case #1047: yes
Case #1048: yes
Case #1049: no
Case #1050: yes
Case #1051: yes
Case #1052: no
Case #1053: no
Case #1054: no
Case #1055: no
Case #1056: no
Case #1057: yes
Case #1058: yes
Case #1059: no
Case #1060: yes
Case #1061: yes
Case #1062: yes
Case #1063: yes
Case #1064: yes
Case #1065: no
Case #1066: yes
Case #1067: yes
Case #1068: yes
Case #1069: no
Case #1070: yes
Case #1071: no
Case #1072: no
Case #1073: no
Case #1074: no
Case #1075: no
Case #1076: yes
Case #1077: yes
Case #1078: no
Case #1079: yes
Case #1080: no
Case #1081: no
Case #1082: no
Case #1083: yes
Case #1084: no
Case #1085: yes
Case #1086: no
Case #1087: no
Case #1088: yes
Case #1089: no
Case #1090: no
Case #1091: yes
Case #1092: no
Case #1093: yes
Case #1094: yes
Case #1095: no
Case #1096: yes
Case #1097: no
Case #1098: no
Case #1099: no
Case #1100: no
Case #1101: no
Case #1102: yes
Case #1103: yes
Case #1104: no
Case #1105: no
Case #1106: no
Case #1107: yes
Case #1108: no
Case #1109: yes
Case #1110: no
Case #1111: no
Case #1112: no
Case #1113: yes
Case #1114: no
Case #1115: no
Case #1116: yes
Case #1117: yes
Case #1118: yes
Case #1119: no
Case #1120: no
Case #1121: no
Case #1122: yes
Case #1123: no
Case #1124: no
Case #1125: no
Case #1126: no
Case #1127: no
Case #1128: yes
Case #1129: yes
Case #1130: yes
Case #1131: yes
Case #1132: no
Case #1133: no
Case #1134: yes
Case #1135: yes
Case #1136: no
Case #1137: no
Case #1138: yes
Case #1139: no
Case #1140: yes
Case #1141: yes
Case #1142: yes
Case #1143: yes
Case #1144: yes
Case #1145: yes
Case #1146: yes
Case #1147: yes
Case #1148: no
Case #1149: yes
Case #1150: yes
Case #1151: yes
Case #1152: no
Case #1153: yes
Case #1154: yes
Case #1155: yes
Case #1156: yes
Case #1157: yes
Case #1158: no
Case #1159: no
Case #1160: yes
Case #1161: yes
Case #1162: no
Case #1163: no
Case #1164: no
Case #1165: yes
Case #1166: no
Case #1167: yes
Case #1168: yes
Case #1169: no
Case #1170: no
Case #1171: no
Case #1172: no
Case #1173: yes
Case #1174: yes
Case #1175: no
Case #1176: no
Case #1177: no
Case #1178: yes
Case #1179: no
Case #1180: no
Case #1181: no
Case #1182: no
Case #1183: no
Case #1184: no
Case #1185: yes
Case #1186: yes
Case #1187: yes
Case #1188: no
Case #1189: no
Case #1190: yes
Case #1191: yes
Case #1192: yes
Case #1193: no
Case #1194: yes
Case #1195: no
Case #1196: no
Case #1197: yes
Case #1198: no
Case #1199: no
Case #1200: no
Case #1201: yes
Case #1202: no
Case #1203: yes
Case #1204: no
Case #1205: yes
Case #1206: no
Case #1207: yes
Case #1208: yes
Case #1209: no
Case #1210: no
Case #1211: yes
Case #1212: no
Case #1213: yes
Case #1214: no
Case #1215: no
Case #1216: no
Case #1217: no
Case #1218: no
Case #1219: no
Case #1220: no
Case #1221: no
Case #1222: no
Case #1223: yes
Case #1224: yes
Case #1225: yes
Case #1226: no
Case #1227: yes
Case #1228: yes
Case #1229: no
Case #1230: no
Case #1231: no
Case #1232: yes
Case #1233: yes
Case #1234: no
Case #1235: no
Case #1236: no
Case #1237: yes
Case #1238: yes
Case #1239: yes
Case #1240: yes
Case #1241: yes
Case #1242: no
Case #1243: no
Case #1244: no
Case #1245: yes
Case #1246: no
Case #1247: no
Case #1248: yes
Case #1249: no
Case #1250: no
Case #1251: no
Case #1252: yes
Case #1253: no
Case #1254: no
Case #1255: no
Case #1256: yes
Case #1257: yes
Case #1258: yes
Case #1259: yes
Case #1260: no
Case #1261: yes
Case #1262: no
Case #1263: yes
Case #1264: yes
Case #1265: yes
Case #1266: yes
Case #1267: no
Case #1268: yes
Case #1269: yes
Case #1270: no
Case #1271: yes
Case #1272: no
Case #1273: no
Case #1274: yes
Case #1275: no
Case #1276: yes
Case #1277: no
Case #1278: yes
Case #1279: yes
Case #1280: yes
Case #1281: no
Case #1282: yes
Case #1283: no
Case #1284: no
Case #1285: no
Case #1286: yes
Case #1287: no
Case #1288: yes
Case #1289: yes
Case #1290: no
Case #1291: yes
Case #1292: yes
Case #1293: yes
Case #1294: no
Case #1295: no
Case #1296: yes
Case #1297: yes
Case #1298: no
Case #1299: no
Case #1300: no
Case #1301: no
Case #1302: yes
Case #1303: no
Case #1304: no
Case #1305: no
Case #1306: yes
Case #1307: yes
Case #1308: yes
Case #1309: no
Case #1310: yes
Case #1311: no
Case #1312: no
Case #1313: yes
Case #1314: no
Case #1315: no
Case #1316: no
Case #1317: yes
Case #1318: yes
Case #1319: no
Case #1320: yes
Case #1321: no
Case #1322: yes
Case #1323: no
Case #1324: no
Case #1325: no
Case #1326: no
Case #1327: yes
Case #1328: no
Case #1329: yes
Case #1330: no
Case #1331: no
Case #1332: no
Case #1333: no
Case #1334: yes
Case #1335: yes
Case #1336: no
Case #1337: yes
Case #1338: no
Case #1339: yes
Case #1340: no
Case #1341: no
Case #1342: no
Case #1343: no
Case #1344: no
Case #1345: no
Case #1346: yes
Case #1347: no
Case #1348: no
Case #1349: yes
Case #1350: yes
Case #1351: no
Case #1352: yes
Case #1353: yes
Case #1354: no
Case #1355: no
Case #1356: yes
Case #1357: yes
Case #1358: no
Case #1359: yes
Case #1360: yes
Case #1361: yes
Case #1362: yes
Case #1363: yes
Case #1364: no
Case #1365: no
Case #1366: yes
Case #1367: no
Case #1368: no
Case #1369: yes
Case #1370: no
Case #1371: yes
Case #1372: no
Case #1373: no
Case #1374: yes
Case #1375: yes
Case #1376: no
Case #1377: yes
Case #1378: no
Case #1379: yes
Case #1380: no
Case #1381: no
Case #1382: yes
Case #1383: yes
Case #1384: no
Case #1385: yes
Case #1386: no
Case #1387: no
Case #1388: no
Case #1389: yes
Case #1390: yes
Case #1391: no
Case #1392: no
Case #1393: no
Case #1394: yes
Case #1395: yes
Case #1396: yes
Case #1397: yes
Case #1398: yes
Case #1399: no
Case #1400: yes
Case #1401: yes
Case #1402: no
Case #1403: yes
Case #1404: yes
Case #1405: no
Case #1406: yes
Case #1407: no
Case #1408: no
Case #1409: no
Case #1410: no
Case #1411: no
Case #1412: yes
Case #1413: no
Case #1414: yes
Case #1415: no
Case #1416: no
Case #1417: no
Case #1418: yes
Case #1419: yes
Case #1420: yes
Case #1421: yes
Case #1422: yes
Case #1423: no
Case #1424: yes
Case #1425: no
Case #1426: no
Case #1427: yes
Case #1428: no
Case #1429: yes
Case #1430: no
Case #1431: no
Case #1432: yes
Case #1433: yes
Case #1434: no
Case #1435: no
Case #1436: no
Case #1437: yes
Case #1438: no
Case #1439: no
Case #1440: no
Case #1441: no
Case #1442: no
Case #1443: yes
Case #1444: no
Case #1445: yes
Case #1446: yes
Case #1447: no
Case #1448: no
Case #1449: no
Case #1450: no
Case #1451: no
Case #1452: no
Case #1453: no
Case #1454: no
Case #1455: yes
Case #1456: yes
Case #1457: no
Case #1458: yes
Case #1459: no
Case #1460: yes
Case #1461: no
Case #1462: no
Case #1463: yes
Case #1464: no
Case #1465: no
Case #1466: yes
Case #1467: no
Case #1468: no
Case #1469: yes
Case #1470: yes
Case #1471: no
Case #1472: yes
Case #1473: yes
Case #1474: yes
Case #1475: yes
Case #1476: no
Case #1477: yes
Case #1478: yes
Case #1479: yes
Case #1480: yes
Case #1481: no
Case #1482: yes
Case #1483: no
Case #1484: yes
Case #1485: no
Case #1486: no
Case #1487: yes
Case #1488: no
Case #1489: yes
Case #1490: no
Case #1491: yes
Case #1492: no
Case #1493: yes
Case #1494: yes
Case #1495: yes
Case #1496: yes
Case #1497: no
Case #1498: yes
Case #1499: no
Case #1500: no
Case #1501: yes
Case #1502: yes
Case #1503: yes
Case #1504: yes
Case #1505: yes
Case #1506: yes
Case #1507: no
Case #1508: yes
Case #1509: yes
Case #1510: no
Case #1511: yes
Case #1512: no
Case #1513: yes
Case #1514: no
Case #1515: no
Case #1516: no
Case #1517: no
Case #1518: no
Case #1519: yes
Case #1520: yes
Case #1521: no
Case #1522: yes
Case #1523: yes
Case #1524: yes
Case #1525: yes
Case #1526: no
Case #1527: no
Case #1528: no
Case #1529: yes
Case #1530: yes
Case #1531: yes
Case #1532: no
Case #1533: no
Case #1534: no
Case #1535: no
Case #1536: no
Case #1537: yes
Case #1538: yes
Case #1539: yes
Case #1540: no
Case #1541: yes
Case #1542: yes
Case #1543: no
Case #1544: yes
Case #1545: no
Case #1546: yes
Case #1547: yes
Case #1548: yes
Case #1549: no
Case #1550: yes
Case #1551: no
Case #1552: yes
Case #1553: yes
Case #1554: no
Case #1555: yes
Case #1556: no
Case #1557: yes
Case #1558: no
Case #1559: yes
Case #1560: yes
Case #1561: no
Case #1562: yes
Case #1563: yes
Case #1564: yes
Case #1565: yes
Case #1566: no
Case #1567: yes
Case #1568: no
Case #1569: yes
Case #1570: no
Case #1571: no
Case #1572: yes
Case #1573: no
Case #1574: yes
Case #1575: yes
Case #1576: yes
Case #1577: no
Case #1578: yes
Case #1579: yes
Case #1580: yes
Case #1581: no
Case #1582: yes
Case #1583: yes
Case #1584: yes
Case #1585: yes
Case #1586: no
Case #1587: yes
Case #1588: no
Case #1589: yes
Case #1590: no
Case #1591: yes
Case #1592: yes
Case #1593: no
Case #1594: yes
Case #1595: yes
Case #1596: yes
Case #1597: yes
Case #1598: yes
Case #1599: yes
Case #1600: yes
Case #1601: no
Case #1602: no
Case #1603: yes
Case #1604: no
Case #1605: yes
Case #1606: no
Case #1607: yes
Case #1608: no
Case #1609: no
Case #1610: no
Case #1611: no
Case #1612: yes
Case #1613: yes
Case #1614: no
Case #1615: no
Case #1616: yes
Case #1617: yes
Case #1618: no
Case #1619: no
Case #1620: no
Case #1621: yes
Case #1622: no
Case #1623: yes
Case #1624: yes
Case #1625: no
Case #1626: yes
Case #1627: no
Case #1628: no
Case #1629: yes
Case #1630: yes
Case #1631: yes
Case #1632: yes
Case #1633: no
Case #1634: no
Case #1635: no
Case #1636: yes
Case #1637: yes
Case #1638: no
Case #1639: yes
Case #1640: no
Case #1641: no
Case #1642: yes
Case #1643: yes
Case #1644: yes
Case #1645: no
Case #1646: yes
Case #1647: no
Case #1648: yes
Case #1649: yes
Case #1650: no
Case #1651: no
Case #1652: no
Case #1653: no
Case #1654: yes
Case #1655: yes
Case #1656: yes
Case #1657: yes
Case #1658: yes
Case #1659: no
Case #1660: no
Case #1661: no
Case #1662: yes
Case #1663: yes
Case #1664: yes
Case #1665: no
Case #1666: yes
Case #1667: no
Case #1668: no
Case #1669: yes
Case #1670: no
Case #1671: no
Case #1672: yes
Case #1673: no
Case #1674: yes
Case #1675: no
Case #1676: yes
Case #1677: no
Case #1678: yes
Case #1679: no
Case #1680: yes
Case #1681: yes
Case #1682: yes
Case #1683: yes
Case #1684: no
Case #1685: no
Case #1686: no
Case #1687: no
Case #1688: no
Case #1689: yes
Case #1690: yes
Case #1691: yes
Case #1692: yes
Case #1693: yes
Case #1694: no
Case #1695: yes
Case #1696: no
Case #1697: yes
Case #1698: yes
Case #1699: yes
Case #1700: yes
Case #1701: no
Case #1702: yes
Case #1703: no
Case #1704: no
Case #1705: yes
Case #1706: no
Case #1707: yes
Case #1708: no
Case #1709: yes
Case #1710: no
Case #1711: no
Case #1712: no
Case #1713: yes
Case #1714: yes
Case #1715: no
Case #1716: no
Case #1717: no
Case #1718: yes
Case #1719: no
Case #1720: no
Case #1721: no
Case #1722: no
Case #1723: yes
Case #1724: no
Case #1725: yes
Case #1726: no
Case #1727: yes
Case #1728: yes
Case #1729: no
Case #1730: yes
Case #1731: yes
Case #1732: no
Case #1733: no
Case #1734: no
Case #1735: yes
Case #1736: yes
Case #1737: yes
Case #1738: yes
Case #1739: yes
Case #1740: no
Case #1741: no
Case #1742: no
Case #1743: yes
Case #1744: yes
Case #1745: yes
Case #1746: no
Case #1747: no
Case #1748: yes
Case #1749: no
Case #1750: yes
Case #1751: yes
Case #1752: no
Case #1753: yes
Case #1754: yes
Case #1755: no
Case #1756: no
Case #1757: no
Case #1758: yes
Case #1759: yes
Case #1760: no
Case #1761: yes
Case #1762: no
Case #1763: yes
Case #1764: yes
Case #1765: no
Case #1766: yes
Case #1767: yes
Case #1768: yes
Case #1769: no
Case #1770: no
Case #1771: no
Case #1772: no
Case #1773: yes
Case #1774: yes
Case #1775: yes
Case #1776: yes
Case #1777: yes
Case #1778: yes
Case #1779: no
Case #1780: yes
Case #1781: no
Case #1782: no
Case #1783: yes
Case #1784: no
Case #1785: yes
Case #1786: yes
Case #1787: yes
Case #1788: yes
Case #1789: no
Case #1790: no
Case #1791: yes
Case #1792: yes
Case #1793: yes
Case #1794: yes
Case #1795: no
Case #1796: no
Case #1797: yes
Case #1798: yes
Case #1799: yes
Case #1800: no
Case #1801: no
Case #1802: yes
Case #1803: no
Case #1804: no
Case #1805: no
Case #1806: no
Case #1807: no
Case #1808: yes
Case #1809: yes
Case #1810: yes
Case #1811: no
Case #1812: no
Case #1813: yes
Case #1814: no
Case #1815: no
Case #1816: yes
Case #1817: yes
Case #1818: yes
Case #1819: no
Case #1820: yes
Case #1821: no
Case #1822: no
Case #1823: yes
Case #1824: no
Case #1825: yes
Case #1826: no
Case #1827: no
Case #1828: yes
Case #1829: yes
Case #1830: yes
Case #1831: no
Case #1832: yes
Case #1833: no
Case #1834: no
Case #1835: no
Case #1836: yes
Case #1837: yes
Case #1838: yes
Case #1839: yes
Case #1840: no
Case #1841: yes
Case #1842: no
Case #1843: no
Case #1844: yes
Case #1845: yes
Case #1846: yes
Case #1847: yes
Case #1848: yes
Case #1849: no
Case #1850: yes
Case #1851: yes
Case #1852: yes
Case #1853: no
Case #1854: yes
Case #1855: yes
Case #1856: no
Case #1857: no
Case #1858: yes
Case #1859: no
Case #1860: yes
Case #1861: yes
Case #1862: no
Case #1863: yes
Case #1864: yes
Case #1865: yes
Case #1866: yes
Case #1867: yes
Case #1868: no
Case #1869: no
Case #1870: yes
Case #1871: no
Case #1872: no
Case #1873: yes
Case #1874: yes
Case #1875: yes
Case #1876: yes
Case #1877: no
Case #1878: yes
Case #1879: yes
Case #1880: yes
Case #1881: yes
Case #1882: no
Case #1883: yes
Case #1884: no
Case #1885: yes
Case #1886: no
Case #1887: yes
Case #1888: yes
Case #1889: no
Case #1890: no
Case #1891: no
Case #1892: yes
Case #1893: yes
Case #1894: yes
Case #1895: yes
Case #1896: yes
Case #1897: yes
Case #1898: no
Case #1899: yes
Case #1900: no
Case #1901: yes
Case #1902: no
Case #1903: yes
Case #1904: yes
Case #1905: no
Case #1906: yes
Case #1907: no
Case #1908: yes
Case #1909: no
Case #1910: yes
Case #1911: no
Case #1912: no
Case #1913: no
Case #1914: yes
Case #1915: no
Case #1916: no
Case #1917: no
Case #1918: no
Case #1919: yes
Case #1920: yes
Case #1921: yes
Case #1922: yes
Case #1923: yes
Case #1924: yes
Case #1925: no
Case #1926: yes
Case #1927: yes
Case #1928: no
Case #1929: no
Case #1930: no
Case #1931: no
Case #1932: yes
Case #1933: no
Case #1934: no
Case #1935: no
Case #1936: no
Case #1937: yes
Case #1938: no
Case #1939: yes
Case #1940: no
Case #1941: yes
Case #1942: yes
Case #1943: yes
Case #1944: no
Case #1945: yes
Case #1946: yes
Case #1947: no
Case #1948: yes
Case #1949: no
Case #1950: yes
Case #1951: no
Case #1952: yes
Case #1953: yes
Case #1954: no
Case #1955: yes
Case #1956: yes
Case #1957: no
Case #1958: no
Case #1959: no
Case #1960: yes
Case #1961: yes
Case #1962: yes
Case #1963: no
Case #1964: no
Case #1965: no
Case #1966: no
Case #1967: yes
Case #1968: no
Case #1969: yes
Case #1970: yes
Case #1971: yes
Case #1972: no
Case #1973: yes
Case #1974: no
Case #1975: no
Case #1976: yes
Case #1977: yes
Case #1978: yes
Case #1979: yes
Case #1980: yes
Case #1981: yes
Case #1982: yes
Case #1983: no
Case #1984: no
Case #1985: no
Case #1986: no
Case #1987: no
Case #1988: yes
Case #1989: no
Case #1990: yes
Case #1991: no
Case #1992: yes
Case #1993: no
Case #1994: no
Case #1995: no
Case #1996: no
Case #1997: no
Case #1998: no
Case #1999: no
Case #2000: no
Case #2001: yes
Case #2002: yes
Case #2003: yes
Case #2004: yes
Case #2005: yes
Case #2006: yes
Case #2007: yes
Case #2008: yes
Case #2009: yes
Case #2010: yes
Case #2011: yes
Case #2012: yes
Case #2013: yes
Case #2014: yes
Case #2015: yes
Case #2016: yes
Case #2017: yes
Case #2018: yes
Case #2019: yes
Case #2020: yes
Case #2021: yes
Case #2022: yes
Case #2023: yes
Case #2024: yes
Case #2025: yes
Case #2026: yes
Case #2027: yes
Case #2028: yes
Case #2029: yes
Case #2030: yes
Case #2031: yes
Case #2032: yes
Case #2033: yes
Case #2034: yes
Case #2035: yes
Case #2036: yes
Case #2037: yes
Case #2038: yes
Case #2039: yes
Case #2040: yes
Case #2041: yes
Case #2042: yes
Case #2043: yes
Case #2044: yes
Case #2045: yes
Case #2046: yes
Case #2047: yes
Case #2048: yes
Case #2049: yes
Case #2050: yes
Case #2051: yes
Case #2052: yes
Case #2053: yes
Case #2054: yes
Case #2055: yes
Case #2056: yes
Case #2057: yes
Case #2058: yes
Case #2059: yes
Case #2060: yes
Case #2061: yes
Case #2062: yes
Case #2063: yes
Case #2064: yes
Case #2065: yes
Case #2066: yes
Case #2067: yes
Case #2068: yes
Case #2069: yes
Case #2070: yes
Case #2071: yes
Case #2072: yes
Case #2073: yes
Case #2074: yes
Case #2075: yes
Case #2076: yes
Case #2077: yes
Case #2078: yes
Case #2079: yes
Case #2080: yes
Case #2081: yes
Case #2082: yes
Case #2083: yes
Case #2084: yes
Case #2085: yes
Case #2086: yes
Case #2087: yes
Case #2088: yes
Case #2089: yes
Case #2090: yes
Case #2091: yes
Case #2092: yes
Case #2093: yes
Case #2094: yes
Case #2095: yes
Case #2096: yes
Case #2097: yes
Case #2098: yes
Case #2099: yes
Case #2100: yes
Case #2101: yes
Case #2102: yes
Case #2103: yes
Case #2104: yes
Case #2105: yes
Case #2106: yes
Case #2107: yes
Case #2108: yes
Case #2109: yes
Case #2110: yes
Case #2111: yes
Case #2112: yes
Case #2113: yes
Case #2114: yes
Case #2115: yes
Case #2116: yes
Case #2117: yes
Case #2118: yes
Case #2119: yes
Case #2120: yes
Case #2121: yes
Case #2122: yes
Case #2123: yes
Case #2124: yes
Case #2125: yes
Case #2126: yes
Case #2127: yes
Case #2128: yes
Case #2129: yes
Case #2130: yes
Case #2131: yes
Case #2132: yes
Case #2133: yes
Case #2134: yes
Case #2135: yes
Case #2136: yes
Case #2137: yes
Case #2138: yes
Case #2139: yes
Case #2140: yes
Case #2141: yes
Case #2142: yes
Case #2143: yes
Case #2144: yes
Case #2145: yes
Case #2146: yes
Case #2147: yes
Case #2148: yes
Case #2149: yes
Case #2150: yes
Case #2151: yes
Case #2152: yes
Case #2153: yes
Case #2154: yes
Case #2155: yes
Case #2156: yes
Case #2157: yes
Case #2158: yes
Case #2159: yes
Case #2160: yes
Case #2161: yes
Case #2162: yes
Case #2163: yes
Case #2164: yes
Case #2165: yes
Case #2166: yes
Case #2167: yes
Case #2168: yes
Case #2169: yes
Case #2170: yes
Case #2171: yes
Case #2172: yes
Case #2173: yes
Case #2174: yes
Case #2175: yes
Case #2176: yes
Case #2177: yes
Case #2178: yes
Case #2179: yes
Case #2180: yes
Case #2181: yes
Case #2182: yes
Case #2183: yes
Case #2184: yes
Case #2185: yes
Case #2186: yes
Case #2187: yes
Case #2188: yes
Case #2189: yes
Case #2190: yes
Case #2191: yes
Case #2192: yes
Case #2193: yes
Case #2194: yes
Case #2195: yes
Case #2196: yes
Case #2197: yes
Case #2198: yes
Case #2199: yes
Case #2200: yes
Case #2201: yes
Case #2202: yes
Case #2203: yes
Case #2204: yes
Case #2205: yes
Case #2206: yes
Case #2207: yes
Case #2208: yes
Case #2209: yes
Case #2210: yes
Case #2211: yes
Case #2212: yes
Case #2213: yes
Case #2214: yes
Case #2215: yes
Case #2216: yes
Case #2217: yes
Case #2218: yes
Case #2219: yes
Case #2220: yes
Case #2221: yes
Case #2222: yes
Case #2223: yes
Case #2224: yes
Case #2225: yes
Case #2226: yes
Case #2227: yes
Case #2228: yes
Case #2229: yes
Case #2230: yes
Case #2231: yes
Case #2232: yes
Case #2233: yes
Case #2234: yes
Case #2235: yes
Case #2236: yes
Case #2237: yes
Case #2238: yes
Case #2239: yes
Case #2240: yes
Case #2241: yes
Case #2242: yes
Case #2243: yes
Case #2244: yes
Case #2245: yes
Case #2246: yes
Case #2247: yes
Case #2248: yes
Case #2249: yes
Case #2250: yes
Case #2251: yes
Case #2252: yes
Case #2253: yes
Case #2254: yes
Case #2255: yes
Case #2256: yes
Case #2257: yes
Case #2258: yes
Case #2259: yes
Case #2260: yes
Case #2261: yes
Case #2262: yes
Case #2263: yes
Case #2264: yes
Case #2265: yes
Case #2266: yes
Case #2267: yes
Case #2268: yes
Case #2269: yes
Case #2270: yes
Case #2271: yes
Case #2272: yes
Case #2273: yes
Case #2274: yes
Case #2275: yes
Case #2276: yes
Case #2277: yes
Case #2278: yes
Case #2279: yes
Case #2280: yes
Case #2281: yes
Case #2282: yes
Case #2283: yes
Case #2284: yes
Case #2285: yes
Case #2286: yes
Case #2287: yes
Case #2288: yes
Case #2289: yes
Case #2290: yes
Case #2291: yes
Case #2292: yes
Case #2293: yes
Case #2294: yes
Case #2295: yes
Case #2296: yes
Case #2297: yes
Case #2298: yes
Case #2299: yes
Case #2300: yes
Case #2301: yes
Case #2302: yes
Case #2303: yes
Case #2304: yes
Case #2305: yes
Case #2306: yes
Case #2307: yes
Case #2308: yes
Case #2309: yes
Case #2310: yes
Case #2311: yes
Case #2312: yes
Case #2313: yes
Case #2314: yes
Case #2315: yes
Case #2316: yes
Case #2317: yes
Case #2318: yes
Case #2319: yes
Case #2320: yes
Case #2321: yes
Case #2322: yes
Case #2323: yes
Case #2324: yes
Case #2325: yes
Case #2326: yes
Case #2327: yes
Case #2328: yes
Case #2329: yes
Case #2330: yes
Case #2331: yes
Case #2332: yes
Case #2333: yes
Case #2334: yes
Case #2335: yes
Case #2336: yes
Case #2337: yes
Case #2338: yes
Case #2339: yes
Case #2340: yes
Case #2341: yes
Case #2342: yes
Case #2343: yes
Case #2344: yes
Case #2345: yes
Case #2346: yes
Case #2347: yes
Case #2348: yes
Case #2349: yes
Case #2350: yes
Case #2351: yes
Case #2352: yes
Case #2353: yes
Case #2354: yes
Case #2355: yes
Case #2356: yes
Case #2357: yes
Case #2358: yes
Case #2359: yes
Case #2360: yes
Case #2361: yes
Case #2362: yes
Case #2363: yes
Case #2364: yes
Case #2365: yes
Case #2366: yes
Case #2367: yes
Case #2368: yes
Case #2369: yes
Case #2370: yes
Case #2371: yes
Case #2372: yes
Case #2373: yes
Case #2374: yes
Case #2375: yes
Case #2376: yes
Case #2377: yes
Case #2378: yes
Case #2379: yes
Case #2380: yes
Case #2381: yes
Case #2382: yes
Case #2383: yes
Case #2384: yes
Case #2385: yes
Case #2386: yes
Case #2387: yes
Case #2388: yes
Case #2389: yes
Case #2390: yes
Case #2391: yes
Case #2392: yes
Case #2393: yes
Case #2394: yes
Case #2395: yes
Case #2396: yes
Case #2397: yes
Case #2398: yes
Case #2399: yes
Case #2400: yes
Case #2401: yes
Case #2402: yes
Case #2403: yes
Case #2404: yes
Case #2405: yes
Case #2406: yes
Case #2407: yes
Case #2408: yes
Case #2409: yes
Case #2410: yes
Case #2411: yes
Case #2412: yes
Case #2413: yes
Case #2414: yes
Case #2415: yes
Case #2416: yes
Case #2417: yes
Case #2418: yes
Case #2419: yes
Case #2420: yes
Case #2421: yes
Case #2422: yes
Case #2423: yes
Case #2424: yes
Case #2425: yes
Case #2426: yes
Case #2427: yes
Case #2428: yes
Case #2429: yes
Case #2430: yes
Case #2431: yes
Case #2432: yes
Case #2433: yes
Case #2434: yes
Case #2435: yes
Case #2436: yes
Case #2437: yes
Case #2438: yes
Case #2439: yes
Case #2440: yes
Case #2441: yes
Case #2442: yes
Case #2443: yes
Case #2444: yes
Case #2445: yes
Case #2446: yes
Case #2447: yes
Case #2448: yes
Case #2449: yes
Case #2450: yes
Case #2451: yes
Case #2452: yes
Case #2453: yes
Case #2454: yes
Case #2455: yes
Case #2456: yes
Case #2457: yes
Case #2458: yes
Case #2459: yes
Case #2460: yes
Case #2461: yes
Case #2462: yes
Case #2463: yes
Case #2464: yes
Case #2465: yes
Case #2466: yes
Case #2467: yes
Case #2468: yes
Case #2469: yes
Case #2470: yes
Case #2471: yes
Case #2472: yes
Case #2473: yes
Case #2474: yes
Case #2475: yes
Case #2476: yes
Case #2477: yes
Case #2478: yes
Case #2479: yes
Case #2480: yes
Case #2481: yes
Case #2482: yes
Case #2483: yes
Case #2484: yes
Case #2485: yes
Case #2486: yes
Case #2487: yes
Case #2488: yes
Case #2489: yes
Case #2490: yes
Case #2491: yes
Case #2492: yes
Case #2493: yes
Case #2494: yes
Case #2495: yes
Case #2496: yes
Case #2497: yes
Case #2498: yes
Case #2499: yes
Case #2500: yes
Case #2501: yes
Case #2502: yes
Case #2503: yes
Case #2504: yes
Case #2505: yes
Case #2506: yes
Case #2507: yes
Case #2508: yes
Case #2509: yes
Case #2510: yes
Case #2511: yes
Case #2512: yes
Case #2513: yes
Case #2514: yes
Case #2515: yes
Case #2516: yes
Case #2517: yes
Case #2518: yes
Case #2519: yes
Case #2520: yes
Case #2521: yes
Case #2522: yes
Case #2523: yes
Case #2524: yes
Case #2525: yes
Case #2526: yes
Case #2527: yes
Case #2528: yes
Case #2529: yes
Case #2530: yes
Case #2531: yes
Case #2532: yes
Case #2533: yes
Case #2534: yes
Case #2535: yes
Case #2536: yes
Case #2537: yes
Case #2538: yes
Case #2539: yes
Case #2540: yes
Case #2541: yes
Case #2542: yes
Case #2543: yes
Case #2544: yes
Case #2545: yes
Case #2546: yes
Case #2547: yes
Case #2548: yes
Case #2549: yes
Case #2550: yes
Case #2551: yes
Case #2552: yes
Case #2553: yes
Case #2554: yes
Case #2555: yes
Case #2556: yes
Case #2557: yes
Case #2558: yes
Case #2559: yes
Case #2560: yes
Case #2561: yes
Case #2562: yes
Case #2563: yes
Case #2564: yes
Case #2565: yes
Case #2566: yes
Case #2567: yes
Case #2568: yes
Case #2569: yes
Case #2570: yes
Case #2571: yes
Case #2572: yes
Case #2573: yes
Case #2574: yes
Case #2575: yes
Case #2576: yes
Case #2577: yes
Case #2578: yes
Case #2579: yes
Case #2580: yes
Case #2581: yes
Case #2582: yes
Case #2583: yes
Case #2584: yes
Case #2585: yes
Case #2586: yes
Case #2587: yes
Case #2588: yes
Case #2589: yes
Case #2590: yes
Case #2591: yes
Case #2592: yes
Case #2593: yes
Case #2594: yes
Case #2595: yes
Case #2596: yes
Case #2597: yes
Case #2598: yes
Case #2599: yes
Case #2600: yes
Case #2601: yes
Case #2602: yes
Case #2603: yes
Case #2604: yes
Case #2605: yes
Case #2606: yes
Case #2607: yes
Case #2608: yes
Case #2609: yes
Case #2610: yes
Case #2611: yes
Case #2612: yes
Case #2613: yes
Case #2614: yes
Case #2615: yes
Case #2616: yes
Case #2617: yes
Case #2618: yes
Case #2619: yes
Case #2620: yes
Case #2621: yes
Case #2622: yes
Case #2623: yes
Case #2624: yes
Case #2625: yes
Case #2626: yes
Case #2627: yes
Case #2628: yes
Case #2629: yes
Case #2630: yes
Case #2631: yes
Case #2632: yes
Case #2633: yes
Case #2634: yes
Case #2635: yes
Case #2636: yes
Case #2637: yes
Case #2638: yes
Case #2639: yes
Case #2640: yes
Case #2641: yes
Case #2642: yes
Case #2643: yes
Case #2644: yes
Case #2645: yes
Case #2646: yes
Case #2647: yes
Case #2648: yes
Case #2649: yes
Case #2650: yes
Case #2651: yes
Case #2652: yes
Case #2653: yes
Case #2654: yes
Case #2655: yes
Case #2656: yes
Case #2657: yes
Case #2658: yes
Case #2659: yes
Case #2660: yes
Case #2661: yes
Case #2662: yes
Case #2663: yes
Case #2664: yes
Case #2665: yes
Case #2666: yes
Case #2667: yes
Case #2668: yes
Case #2669: yes
Case #2670: yes
Case #2671: yes
Case #2672: yes
Case #2673: yes
Case #2674: yes
Case #2675: yes
Case #2676: yes
Case #2677: yes
Case #2678: yes
Case #2679: yes
Case #2680: yes
Case #2681: yes
Case #2682: yes
Case #2683: yes
Case #2684: yes
Case #2685: yes
Case #2686: yes
Case #2687: yes
Case #2688: yes
Case #2689: yes
Case #2690: yes
Case #2691: yes
Case #2692: yes
Case #2693: yes
Case #2694: yes
Case #2695: yes
Case #2696: yes
Case #2697: yes
Case #2698: yes
Case #2699: yes
Case #2700: yes
Case #2701: yes
Case #2702: yes
Case #2703: yes
Case #2704: yes
Case #2705: yes
Case #2706: yes
Case #2707: yes
Case #2708: yes
Case #2709: yes
Case #2710: yes
Case #2711: yes
Case #2712: yes
Case #2713: yes
Case #2714: yes
Case #2715: yes
Case #2716: yes
Case #2717: yes
Case #2718: yes
Case #2719: yes
Case #2720: yes
Case #2721: yes
Case #2722: yes
Case #2723: yes
Case #2724: yes
Case #2725: yes
Case #2726: yes
Case #2727: yes
Case #2728: yes
Case #2729: yes
Case #2730: yes
Case #2731: yes
Case #2732: yes
Case #2733: yes
Case #2734: yes
Case #2735: yes
Case #2736: yes
Case #2737: yes
Case #2738: yes
Case #2739: yes
Case #2740: yes
Case #2741: yes
Case #2742: yes
Case #2743: yes
Case #2744: yes
Case #2745: yes
Case #2746: yes
Case #2747: yes
Case #2748: yes
Case #2749: yes
Case #2750: yes
Case #2751: yes
Case #2752: yes
Case #2753: yes
Case #2754: yes
Case #2755: yes
Case #2756: yes
Case #2757: yes
Case #2758: yes
Case #2759: yes
Case #2760: yes
Case #2761: yes
Case #2762: yes
Case #2763: yes
Case #2764: yes
Case #2765: yes
Case #2766: yes
Case #2767: yes
Case #2768: yes
Case #2769: yes
Case #2770: yes
Case #2771: yes
Case #2772: yes
Case #2773: yes
Case #2774: yes
Case #2775: yes
Case #2776: yes
Case #2777: yes
Case #2778: yes
Case #2779: yes
Case #2780: yes
Case #2781: yes
Case #2782: yes
Case #2783: yes
Case #2784: yes
Case #2785: yes
Case #2786: yes
Case #2787: yes
Case #2788: yes
Case #2789: yes
Case #2790: yes
Case #2791: yes
Case #2792: yes
Case #2793: yes
Case #2794: yes
Case #2795: yes
Case #2796: yes
Case #2797: yes
Case #2798: yes
Case #2799: yes
Case #2800: yes
Case #2801: yes
Case #2802: yes
Case #2803: yes
Case #2804: yes
Case #2805: yes
Case #2806: yes
Case #2807: yes
Case #2808: yes
Case #2809: yes
Case #2810: yes
Case #2811: yes
Case #2812: yes
Case #2813: yes
Case #2814: yes
Case #2815: yes
Case #2816: yes
Case #2817: yes
Case #2818: yes
Case #2819: yes
Case #2820: yes
Case #2821: yes
Case #2822: yes
Case #2823: yes
Case #2824: yes
Case #2825: yes
Case #2826: yes
Case #2827: yes
Case #2828: yes
Case #2829: yes
Case #2830: yes
Case #2831: yes
Case #2832: yes
Case #2833: yes
Case #2834: yes
Case #2835: yes
Case #2836: yes
Case #2837: yes
Case #2838: yes
Case #2839: yes
Case #2840: yes
Case #2841: yes
Case #2842: yes
Case #2843: yes
Case #2844: yes
Case #2845: yes
Case #2846: yes
Case #2847: yes
Case #2848: yes
Case #2849: yes
Case #2850: yes
Case #2851: yes
Case #2852: yes
Case #2853: yes
Case #2854: yes
Case #2855: yes
Case #2856: yes
Case #2857: yes
Case #2858: yes
Case #2859: yes
Case #2860: yes
Case #2861: yes
Case #2862: yes
Case #2863: yes
Case #2864: yes
Case #2865: yes
Case #2866: yes
Case #2867: yes
Case #2868: yes
Case #2869: yes
Case #2870: yes
Case #2871: yes
Case #2872: yes
Case #2873: yes
Case #2874: yes
Case #2875: yes
Case #2876: yes
Case #2877: yes
Case #2878: yes
Case #2879: yes
Case #2880: yes
Case #2881: yes
Case #2882: yes
Case #2883: yes
Case #2884: yes
Case #2885: yes
Case #2886: yes
Case #2887: yes
Case #2888: yes
Case #2889: yes
Case #2890: yes
Case #2891: yes
Case #2892: yes
Case #2893: yes
Case #2894: yes
Case #2895: yes
Case #2896: yes
Case #2897: yes
Case #2898: yes
Case #2899: yes
Case #2900: yes
Case #2901: yes
Case #2902: yes
Case #2903: yes
Case #2904: yes
Case #2905: yes
Case #2906: yes
Case #2907: yes
Case #2908: yes
Case #2909: yes
Case #2910: yes
Case #2911: yes
Case #2912: yes
Case #2913: yes
Case #2914: yes
Case #2915: yes
Case #2916: yes
Case #2917: yes
Case #2918: yes
Case #2919: yes
Case #2920: yes
Case #2921: yes
Case #2922: yes
Case #2923: yes
Case #2924: yes
Case #2925: yes
Case #2926: yes
Case #2927: yes
Case #2928: yes
Case #2929: yes
Case #2930: yes
Case #2931: yes
Case #2932: yes
Case #2933: yes
Case #2934: yes
Case #2935: yes
Case #2936: yes
Case #2937: yes
Case #2938: yes
Case #2939: yes
Case #2940: yes
Case #2941: yes
Case #2942: yes
Case #2943: yes
Case #2944: yes
Case #2945: yes
Case #2946: yes
Case #2947: yes
Case #2948: yes
Case #2949: yes
Case #2950: yes
Case #2951: yes
Case #2952: yes
Case #2953: yes
Case #2954: yes
Case #2955: yes
Case #2956: yes
Case #2957: yes
Case #2958: yes
Case #2959: yes
Case #2960: yes
Case #2961: yes
Case #2962: yes
Case #2963: yes
Case #2964: yes
Case #2965: yes
Case #2966: yes
Case #2967: yes
Case #2968: yes
Case #2969: yes
Case #2970: yes
Case #2971: yes
Case #2972: yes
Case #2973: yes
Case #2974: yes
Case #2975: yes
Case #2976: yes
Case #2977: yes
Case #2978: yes
Case #2979: yes
Case #2980: yes
Case #2981: yes
Case #2982: yes
Case #2983: yes
Case #2984: yes
Case #2985: yes
Case #2986: yes
Case #2987: yes
Case #2988: yes
Case #2989: yes
Case #2990: yes
Case #2991: yes
Case #2992: yes
Case #2993: yes
Case #2994: yes
Case #2995: yes
Case #2996: yes
Case #2997: yes
Case #2998: yes
Case #2999: yes
Case #3000: yes
Case #3001: yes
Case #3002: yes
Case #3003: yes
Case #3004: yes
Case #3005: yes
Case #3006: yes
Case #3007: yes
Case #3008: yes
Case #3009: yes
Case #3010: yes
Case #3011: yes
Case #3012: yes
Case #3013: yes
Case #3014: yes
Case #3015: yes
Case #3016: yes
Case #3017: yes
Case #3018: yes
Case #3019: yes
Case #3020: yes
Case #3021: yes
Case #3022: yes
Case #3023: yes
Case #3024: yes
Case #3025: yes
Case #3026: yes
Case #3027: yes
Case #3028: yes
Case #3029: yes
Case #3030: yes
Case #3031: yes
Case #3032: yes
Case #3033: yes
Case #3034: yes
Case #3035: yes
Case #3036: yes
Case #3037: yes
Case #3038: yes
Case #3039: yes
Case #3040: yes
Case #3041: yes
Case #3042: yes
Case #3043: yes
Case #3044: yes
Case #3045: yes
Case #3046: yes
Case #3047: yes
Case #3048: yes
Case #3049: yes
Case #3050: yes
Case #3051: yes
Case #3052: yes
Case #3053: yes
Case #3054: yes
Case #3055: yes
Case #3056: yes
Case #3057: yes
Case #3058: yes
Case #3059: yes
Case #3060: yes
Case #3061: yes
Case #3062: yes
Case #3063: yes
Case #3064: yes
Case #3065: yes
Case #3066: yes
Case #3067: yes
Case #3068: yes
Case #3069: yes
Case #3070: yes
Case #3071: yes
Case #3072: yes
Case #3073: yes
Case #3074: yes
Case #3075: yes
Case #3076: yes
Case #3077: yes
Case #3078: yes
Case #3079: yes
Case #3080: yes
Case #3081: yes
Case #3082: yes
Case #3083: yes
Case #3084: yes
Case #3085: yes
Case #3086: yes
Case #3087: yes
Case #3088: yes
Case #3089: yes
Case #3090: yes
Case #3091: yes
Case #3092: yes
Case #3093: yes
Case #3094: yes
Case #3095: yes
Case #3096: yes
Case #3097: yes
Case #3098: yes
Case #3099: yes
Case #3100: yes
Case #3101: yes
Case #3102: yes
Case #3103: yes
Case #3104: yes
Case #3105: yes
Case #3106: yes
Case #3107: yes
Case #3108: yes
Case #3109: yes
Case #3110: yes
Case #3111: yes
Case #3112: yes
Case #3113: yes
Case #3114: yes
Case #3115: yes
Case #3116: yes
Case #3117: yes
Case #3118: yes
Case #3119: yes
Case #3120: yes
Case #3121: yes
Case #3122: yes
Case #3123: yes
Case #3124: yes
Case #3125: yes
Case #3126: yes
Case #3127: yes
Case #3128: yes
Case #3129: yes
Case #3130: yes
Case #3131: yes
Case #3132: yes
Case #3133: yes
Case #3134: yes
Case #3135: yes
Case #3136: yes
Case #3137: yes
Case #3138: yes
Case #3139: yes
Case #3140: yes
Case #3141: yes
Case #3142: yes
Case #3143: yes
Case #3144: yes
Case #3145: yes
Case #3146: yes
Case #3147: yes
Case #3148: yes
Case #3149: yes
Case #3150: yes
Case #3151: yes
Case #3152: yes
Case #3153: yes
Case #3154: yes
Case #3155: yes
Case #3156: yes
Case #3157: yes
Case #3158: yes
Case #3159: yes
Case #3160: yes
Case #3161: yes
Case #3162: yes
Case #3163: yes
Case #3164: yes
Case #3165: yes
Case #3166: yes
Case #3167: yes
Case #3168: yes
Case #3169: yes
Case #3170: yes
Case #3171: yes
Case #3172: yes
Case #3173: yes
Case #3174: yes
Case #3175: yes
Case #3176: yes
Case #3177: yes
Case #3178: yes
Case #3179: yes
Case #3180: yes
Case #3181: yes
Case #3182: yes
Case #3183: yes
Case #3184: yes
Case #3185: yes
Case #3186: yes
Case #3187: yes
Case #3188: yes
Case #3189: yes
Case #3190: yes
Case #3191: yes
Case #3192: yes
Case #3193: yes
Case #3194: yes
Case #3195: yes
Case #3196: yes
Case #3197: yes
Case #3198: yes
Case #3199: yes
Case #3200: yes
Case #3201: yes
Case #3202: yes
Case #3203: yes
Case #3204: yes
Case #3205: yes
Case #3206: yes
Case #3207: yes
Case #3208: yes
Case #3209: yes
Case #3210: yes
Case #3211: yes
Case #3212: yes
Case #3213: yes
Case #3214: yes
Case #3215: yes
Case #3216: yes
Case #3217: yes
Case #3218: yes
Case #3219: yes
Case #3220: yes
Case #3221: yes
Case #3222: yes
Case #3223: yes
Case #3224: yes
Case #3225: yes
Case #3226: yes
Case #3227: yes
Case #3228: yes
Case #3229: yes
Case #3230: yes
Case #3231: yes
Case #3232: yes
Case #3233: yes
Case #3234: yes
Case #3235: yes
Case #3236: yes
Case #3237: yes
Case #3238: yes
Case #3239: yes
Case #3240: yes
Case #3241: yes
Case #3242: yes
Case #3243: yes
Case #3244: yes
Case #3245: yes
Case #3246: yes
Case #3247: yes
Case #3248: yes
Case #3249: yes
Case #3250: yes
Case #3251: yes
Case #3252: yes
Case #3253: yes
Case #3254: yes
Case #3255: yes
Case #3256: yes
Case #3257: yes
Case #3258: yes
Case #3259: yes
Case #3260: yes
Case #3261: yes
Case #3262: yes
Case #3263: yes
Case #3264: yes
Case #3265: yes
Case #3266: yes
Case #3267: yes
Case #3268: yes
Case #3269: yes
Case #3270: yes
Case #3271: yes
Case #3272: yes
Case #3273: yes
Case #3274: yes
Case #3275: yes
Case #3276: yes
Case #3277: yes
Case #3278: yes
Case #3279: yes
Case #3280: yes
Case #3281: yes
Case #3282: yes
Case #3283: yes
Case #3284: yes
Case #3285: yes
Case #3286: yes
Case #3287: yes
Case #3288: yes
Case #3289: yes
Case #3290: yes
Case #3291: yes
Case #3292: yes
Case #3293: yes
Case #3294: yes
Case #3295: yes
Case #3296: yes
Case #3297: yes
Case #3298: yes
Case #3299: yes
Case #3300: yes
Case #3301: yes
Case #3302: yes
Case #3303: yes
Case #3304: yes
Case #3305: yes
Case #3306: yes
Case #3307: yes
Case #3308: yes
Case #3309: yes
Case #3310: yes
Case #3311: yes
Case #3312: yes
Case #3313: yes
Case #3314: yes
Case #3315: yes
Case #3316: yes
Case #3317: yes
Case #3318: yes
Case #3319: yes
Case #3320: yes
Case #3321: yes
Case #3322: yes
Case #3323: yes
Case #3324: yes
Case #3325: yes
Case #3326: yes
Case #3327: yes
Case #3328: yes
Case #3329: yes
Case #3330: yes
Case #3331: yes
Case #3332: yes
Case #3333: yes
Case #3334: yes
Case #3335: yes
Case #3336: yes
Case #3337: yes
Case #3338: yes
Case #3339: yes
Case #3340: yes
Case #3341: yes
Case #3342: yes
Case #3343: yes
Case #3344: yes
Case #3345: yes
Case #3346: yes
Case #3347: yes
Case #3348: yes
Case #3349: yes
Case #3350: yes
Case #3351: yes
Case #3352: yes
Case #3353: yes
Case #3354: yes
Case #3355: yes
Case #3356: yes
Case #3357: yes
Case #3358: yes
Case #3359: yes
Case #3360: yes
Case #3361: yes
Case #3362: yes
Case #3363: yes
Case #3364: yes
Case #3365: yes
Case #3366: yes
Case #3367: yes
Case #3368: yes
Case #3369: yes
Case #3370: yes
Case #3371: yes
Case #3372: yes
Case #3373: yes
Case #3374: yes
Case #3375: yes
Case #3376: yes
Case #3377: yes
Case #3378: yes
Case #3379: yes
Case #3380: yes
Case #3381: yes
Case #3382: yes
Case #3383: yes
Case #3384: yes
Case #3385: yes
Case #3386: yes
Case #3387: yes
Case #3388: yes
Case #3389: yes
Case #3390: yes
Case #3391: yes
Case #3392: yes
Case #3393: yes
Case #3394: yes
Case #3395: yes
Case #3396: yes
Case #3397: yes
Case #3398: yes
Case #3399: yes
Case #3400: yes
Case #3401: yes
Case #3402: yes
Case #3403: yes
Case #3404: yes
Case #3405: yes
Case #3406: yes
Case #3407: yes
Case #3408: yes
Case #3409: yes
Case #3410: yes
Case #3411: yes
Case #3412: yes
Case #3413: yes
Case #3414: yes
Case #3415: yes
Case #3416: yes
Case #3417: yes
Case #3418: yes
Case #3419: yes
Case #3420: yes
Case #3421: yes
Case #3422: yes
Case #3423: yes
Case #3424: yes
Case #3425: yes
Case #3426: yes
Case #3427: yes
Case #3428: yes
Case #3429: yes
Case #3430: yes
Case #3431: yes
Case #3432: yes
Case #3433: yes
Case #3434: yes
Case #3435: yes
Case #3436: yes
Case #3437: yes
Case #3438: yes
Case #3439: yes
Case #3440: yes
Case #3441: yes
Case #3442: yes
Case #3443: yes
Case #3444: yes
Case #3445: yes
Case #3446: yes
Case #3447: yes
Case #3448: yes
Case #3449: yes
Case #3450: yes
Case #3451: yes
Case #3452: yes
Case #3453: yes
Case #3454: yes
Case #3455: yes
Case #3456: yes
Case #3457: yes
Case #3458: yes
Case #3459: yes
Case #3460: yes
Case #3461: yes
Case #3462: yes
Case #3463: yes
Case #3464: yes
Case #3465: yes
Case #3466: yes
Case #3467: yes
Case #3468: yes
Case #3469: yes
Case #3470: yes
Case #3471: yes
Case #3472: yes
Case #3473: yes
Case #3474: yes
Case #3475: yes
Case #3476: yes
Case #3477: yes
Case #3478: yes
Case #3479: yes
Case #3480: yes
Case #3481: yes
Case #3482: yes
Case #3483: yes
Case #3484: yes
Case #3485: yes
Case #3486: yes
Case #3487: yes
Case #3488: yes
Case #3489: yes
Case #3490: yes
Case #3491: yes
Case #3492: yes
Case #3493: yes
Case #3494: yes
Case #3495: yes
Case #3496: yes
Case #3497: yes
Case #3498: yes
Case #3499: yes
Case #3500: yes
Case #3501: yes
Case #3502: yes
Case #3503: yes
Case #3504: yes
Case #3505: yes
Case #3506: yes
Case #3507: yes
Case #3508: yes
Case #3509: yes
Case #3510: yes
Case #3511: yes
Case #3512: yes
Case #3513: yes
Case #3514: yes
Case #3515: yes
Case #3516: yes
Case #3517: yes
Case #3518: yes
Case #3519: yes
Case #3520: yes
Case #3521: yes
Case #3522: yes
Case #3523: yes
Case #3524: yes
Case #3525: yes
Case #3526: yes
Case #3527: yes
Case #3528: yes
Case #3529: yes
Case #3530: yes
Case #3531: yes
Case #3532: yes
Case #3533: yes
Case #3534: yes
Case #3535: yes
Case #3536: yes
Case #3537: yes
Case #3538: yes
Case #3539: yes
Case #3540: yes
Case #3541: yes
Case #3542: yes
Case #3543: yes
Case #3544: yes
Case #3545: yes
Case #3546: yes
Case #3547: yes
Case #3548: yes
Case #3549: yes
Case #3550: yes
Case #3551: yes
Case #3552: yes
Case #3553: yes
Case #3554: yes
Case #3555: yes
Case #3556: yes
Case #3557: yes
Case #3558: yes
Case #3559: yes
Case #3560: yes
Case #3561: yes
Case #3562: yes
Case #3563: yes
Case #3564: yes
Case #3565: yes
Case #3566: yes
Case #3567: yes
Case #3568: yes
Case #3569: yes
Case #3570: yes
Case #3571: yes
Case #3572: yes
Case #3573: yes
Case #3574: yes
Case #3575: yes
Case #3576: yes
Case #3577: yes
Case #3578: yes
Case #3579: yes
Case #3580: yes
Case #3581: yes
Case #3582: yes
Case #3583: yes
Case #3584: yes
Case #3585: yes
Case #3586: yes
Case #3587: yes
Case #3588: yes
Case #3589: yes
Case #3590: yes
Case #3591: yes
Case #3592: yes
Case #3593: yes
Case #3594: yes
Case #3595: yes
Case #3596: yes
Case #3597: yes
Case #3598: yes
Case #3599: yes
Case #3600: yes
Case #3601: yes
Case #3602: yes
Case #3603: yes
Case #3604: yes
Case #3605: yes
Case #3606: yes
Case #3607: yes
Case #3608: yes
Case #3609: yes
Case #3610: yes
Case #3611: yes
Case #3612: yes
Case #3613: yes
Case #3614: yes
Case #3615: yes
Case #3616: yes
Case #3617: yes
Case #3618: yes
Case #3619: yes
Case #3620: yes
Case #3621: yes
Case #3622: yes
Case #3623: yes
Case #3624: yes
Case #3625: yes
Case #3626: yes
Case #3627: yes
Case #3628: yes
Case #3629: yes
Case #3630: yes
Case #3631: yes
Case #3632: yes
Case #3633: yes
Case #3634: yes
Case #3635: yes
Case #3636: yes
Case #3637: yes
Case #3638: yes
Case #3639: yes
Case #3640: yes
Case #3641: yes
Case #3642: yes
Case #3643: yes
Case #3644: yes
Case #3645: yes
Case #3646: yes
Case #3647: yes
Case #3648: yes
Case #3649: yes
Case #3650: yes
Case #3651: yes
Case #3652: yes
Case #3653: yes
Case #3654: yes
Case #3655: yes
Case #3656: yes
Case #3657: yes
Case #3658: yes
Case #3659: yes
Case #3660: yes
Case #3661: yes
Case #3662: yes
Case #3663: yes
Case #3664: yes
Case #3665: yes
Case #3666: yes
Case #3667: yes
Case #3668: yes
Case #3669: yes
Case #3670: yes
Case #3671: yes
Case #3672: yes
Case #3673: yes
Case #3674: yes
Case #3675: yes
Case #3676: yes
Case #3677: yes
Case #3678: yes
Case #3679: yes
Case #3680: yes
Case #3681: yes
Case #3682: yes
Case #3683: yes
Case #3684: yes
Case #3685: yes
Case #3686: yes
Case #3687: yes
Case #3688: yes
Case #3689: yes
Case #3690: yes
Case #3691: yes
Case #3692: yes
Case #3693: yes
Case #3694: yes
Case #3695: yes
Case #3696: yes
Case #3697: yes
Case #3698: yes
Case #3699: yes
Case #3700: yes
Case #3701: yes
Case #3702: yes
Case #3703: yes
Case #3704: yes
Case #3705: yes
Case #3706: yes
Case #3707: yes
Case #3708: yes
Case #3709: yes
Case #3710: yes
Case #3711: yes
Case #3712: yes
Case #3713: yes
Case #3714: yes
Case #3715: yes
Case #3716: yes
Case #3717: yes
Case #3718: yes
Case #3719: yes
Case #3720: yes
Case #3721: yes
Case #3722: yes
Case #3723: yes
Case #3724: yes
Case #3725: yes
Case #3726: yes
Case #3727: yes
Case #3728: yes
Case #3729: yes
Case #3730: yes
Case #3731: yes
Case #3732: yes
Case #3733: yes
Case #3734: yes
Case #3735: yes
Case #3736: yes
Case #3737: yes
Case #3738: yes
Case #3739: yes
Case #3740: yes
Case #3741: yes
Case #3742: yes
Case #3743: yes
Case #3744: yes
Case #3745: yes
Case #3746: yes
Case #3747: yes
Case #3748: yes
Case #3749: yes
Case #3750: yes
Case #3751: yes
Case #3752: yes
Case #3753: yes
Case #3754: yes
Case #3755: yes
Case #3756: yes
Case #3757: yes
Case #3758: yes
Case #3759: yes
Case #3760: yes
Case #3761: yes
Case #3762: yes
Case #3763: yes
Case #3764: yes
Case #3765: yes
Case #3766: yes
Case #3767: yes
Case #3768: yes
Case #3769: yes
Case #3770: yes
Case #3771: yes
Case #3772: yes
Case #3773: yes
Case #3774: yes
Case #3775: yes
Case #3776: yes
Case #3777: yes
Case #3778: yes
Case #3779: yes
Case #3780: yes
Case #3781: yes
Case #3782: yes
Case #3783: yes
Case #3784: yes
Case #3785: yes
Case #3786: yes
Case #3787: yes
Case #3788: yes
Case #3789: yes
Case #3790: yes
Case #3791: yes
Case #3792: yes
Case #3793: yes
Case #3794: yes
Case #3795: yes
Case #3796: yes
Case #3797: yes
Case #3798: yes
Case #3799: yes
Case #3800: yes
Case #3801: yes
Case #3802: yes
Case #3803: yes
Case #3804: yes
Case #3805: yes
Case #3806: yes
Case #3807: yes
Case #3808: yes
Case #3809: yes
Case #3810: yes
Case #3811: yes
Case #3812: yes
Case #3813: yes
Case #3814: yes
Case #3815: yes
Case #3816: yes
Case #3817: yes
Case #3818: yes
Case #3819: yes
Case #3820: yes
Case #3821: yes
Case #3822: yes
Case #3823: yes
Case #3824: yes
Case #3825: yes
Case #3826: yes
Case #3827: yes
Case #3828: yes
Case #3829: yes
Case #3830: yes
Case #3831: yes
Case #3832: yes
Case #3833: yes
Case #3834: yes
Case #3835: yes
Case #3836: yes
Case #3837: yes
Case #3838: yes
Case #3839: yes
Case #3840: yes
Case #3841: yes
Case #3842: yes
Case #3843: yes
Case #3844: yes
Case #3845: yes
Case #3846: yes
Case #3847: yes
Case #3848: yes
Case #3849: yes
Case #3850: yes
Case #3851: yes
Case #3852: yes
Case #3853: yes
Case #3854: yes
Case #3855: yes
Case #3856: yes
Case #3857: yes
Case #3858: yes
Case #3859: yes
Case #3860: yes
Case #3861: yes
Case #3862: yes
Case #3863: yes
Case #3864: yes
Case #3865: yes
Case #3866: yes
Case #3867: yes
Case #3868: yes
Case #3869: yes
Case #3870: yes
Case #3871: yes
Case #3872: yes
Case #3873: yes
Case #3874: yes
Case #3875: yes
Case #3876: yes
Case #3877: yes
Case #3878: yes
Case #3879: yes
Case #3880: yes
Case #3881: yes
Case #3882: yes
Case #3883: yes
Case #3884: yes
Case #3885: yes
Case #3886: yes
Case #3887: yes
Case #3888: yes
Case #3889: yes
Case #3890: yes
Case #3891: yes
Case #3892: yes
Case #3893: yes
Case #3894: yes
Case #3895: yes
Case #3896: yes
Case #3897: yes
Case #3898: yes
Case #3899: yes
Case #3900: yes
Case #3901: yes
Case #3902: yes
Case #3903: yes
Case #3904: yes
Case #3905: yes
Case #3906: yes
Case #3907: yes
Case #3908: yes
Case #3909: yes
Case #3910: yes
Case #3911: yes
Case #3912: yes
Case #3913: yes
Case #3914: yes
Case #3915: yes
Case #3916: yes
Case #3917: yes
Case #3918: yes
Case #3919: yes
Case #3920: yes
Case #3921: yes
Case #3922: yes
Case #3923: yes
Case #3924: yes
Case #3925: yes
Case #3926: yes
Case #3927: yes
Case #3928: yes
Case #3929: yes
Case #3930: yes
Case #3931: yes
Case #3932: yes
Case #3933: yes
Case #3934: yes
Case #3935: yes
Case #3936: yes
Case #3937: yes
Case #3938: yes
Case #3939: yes
Case #3940: yes
Case #3941: yes
Case #3942: yes
Case #3943: yes
Case #3944: yes
Case #3945: yes
Case #3946: yes
Case #3947: yes
Case #3948: yes
Case #3949: yes
Case #3950: yes
Case #3951: yes
Case #3952: yes
Case #3953: yes
Case #3954: yes
Case #3955: yes
Case #3956: yes
Case #3957: yes
Case #3958: yes
Case #3959: yes
Case #3960: yes
Case #3961: yes
Case #3962: yes
Case #3963: yes
Case #3964: yes
Case #3965: yes
Case #3966: yes
Case #3967: yes
Case #3968: yes
Case #3969: yes
Case #3970: yes
Case #3971: yes
Case #3972: yes
Case #3973: yes
Case #3974: yes
Case #3975: yes
Case #3976: yes
Case #3977: yes
Case #3978: yes
Case #3979: yes
Case #3980: yes
Case #3981: yes
Case #3982: yes
Case #3983: yes
Case #3984: yes
Case #3985: yes
Case #3986: yes
Case #3987: yes
Case #3988: yes
Case #3989: yes
Case #3990: yes
Case #3991: yes
Case #3992: yes
Case #3993: yes
Case #3994: yes
Case #3995: yes
Case #3996: yes
Case #3997: yes
Case #3998: yes
Case #3999: yes
Case #4000: yes
Case #4001: no
Case #4002: no
Case #4003: no
Case #4004: no
Case #4005: no
Case #4006: no
Case #4007: no
Case #4008: no
Case #4009: no
Case #4010: no
Case #4011: no
Case #4012: no
Case #4013: no
Case #4014: no
Case #4015: no
Case #4016: no
Case #4017: no
Case #4018: no
Case #4019: no
Case #4020: no
Case #4021: no
Case #4022: no
Case #4023: no
Case #4024: no
Case #4025: no
Case #4026: yes
Case #4027: no
Case #4028: no
Case #4029: no
Case #4030: no
Case #4031: yes
Case #4032: no
